Analysis & Synthesis report for EX1
Tue Oct 02 09:55:19 2018
Quartus Prime Version 18.0.0 Build 614 04/24/2018 SJ Lite Edition


---------------------
; Table of Contents ;
---------------------
  1. Legal Notice
  2. Analysis & Synthesis Summary
  3. Analysis & Synthesis Settings
  4. Parallel Compilation
  5. Analysis & Synthesis Source Files Read
  6. Analysis & Synthesis Resource Usage Summary
  7. Analysis & Synthesis Resource Utilization by Entity
  8. User-Specified and Inferred Latches
  9. Registers Removed During Synthesis
 10. General Register Statistics
 11. Multiplexer Restructuring Statistics (Restructuring Performed)
 12. Post-Synthesis Netlist Statistics for Top Partition
 13. Elapsed Time Per Partition
 14. Analysis & Synthesis Messages



----------------
; Legal Notice ;
----------------
Copyright (C) 2018  Intel Corporation. All rights reserved.
Your use of Intel Corporation's design tools, logic functions 
and other software and tools, and its AMPP partner logic 
functions, and any output files from any of the foregoing 
(including device programming or simulation files), and any 
associated documentation or information are expressly subject 
to the terms and conditions of the Intel Program License 
Subscription Agreement, the Intel Quartus Prime License Agreement,
the Intel FPGA IP License Agreement, or other applicable license
agreement, including, without limitation, that your use is for
the sole purpose of programming logic devices manufactured by
Intel and sold by Intel or its authorized distributors.  Please
refer to the applicable agreement for further details.



+----------------------------------------------------------------------------------+
; Analysis & Synthesis Summary                                                     ;
+------------------------------------+---------------------------------------------+
; Analysis & Synthesis Status        ; Successful - Tue Oct 02 09:55:19 2018       ;
; Quartus Prime Version              ; 18.0.0 Build 614 04/24/2018 SJ Lite Edition ;
; Revision Name                      ; EX1                                         ;
; Top-level Entity Name              ; PRIN                                        ;
; Family                             ; MAX 10                                      ;
; Total logic elements               ; 134                                         ;
;     Total combinational functions  ; 132                                         ;
;     Dedicated logic registers      ; 4                                           ;
; Total registers                    ; 4                                           ;
; Total pins                         ; 26                                          ;
; Total virtual pins                 ; 0                                           ;
; Total memory bits                  ; 0                                           ;
; Embedded Multiplier 9-bit elements ; 0                                           ;
; Total PLLs                         ; 0                                           ;
; UFM blocks                         ; 0                                           ;
; ADC blocks                         ; 0                                           ;
+------------------------------------+---------------------------------------------+


+------------------------------------------------------------------------------------------------------------+
; Analysis & Synthesis Settings                                                                              ;
+------------------------------------------------------------------+--------------------+--------------------+
; Option                                                           ; Setting            ; Default Value      ;
+------------------------------------------------------------------+--------------------+--------------------+
; Device                                                           ; 10M08SAU169C8G     ;                    ;
; Top-level entity name                                            ; PRIN               ; EX1                ;
; Family name                                                      ; MAX 10             ; Cyclone V          ;
; Use smart compilation                                            ; Off                ; Off                ;
; Enable parallel Assembler and Timing Analyzer during compilation ; On                 ; On                 ;
; Enable compact report table                                      ; Off                ; Off                ;
; Restructure Multiplexers                                         ; Auto               ; Auto               ;
; Create Debugging Nodes for IP Cores                              ; Off                ; Off                ;
; Preserve fewer node names                                        ; On                 ; On                 ;
; Intel FPGA IP Evaluation Mode                                    ; Enable             ; Enable             ;
; Verilog Version                                                  ; Verilog_2001       ; Verilog_2001       ;
; VHDL Version                                                     ; VHDL_1993          ; VHDL_1993          ;
; State Machine Processing                                         ; Auto               ; Auto               ;
; Safe State Machine                                               ; Off                ; Off                ;
; Extract Verilog State Machines                                   ; On                 ; On                 ;
; Extract VHDL State Machines                                      ; On                 ; On                 ;
; Ignore Verilog initial constructs                                ; Off                ; Off                ;
; Iteration limit for constant Verilog loops                       ; 5000               ; 5000               ;
; Iteration limit for non-constant Verilog loops                   ; 250                ; 250                ;
; Add Pass-Through Logic to Inferred RAMs                          ; On                 ; On                 ;
; Infer RAMs from Raw Logic                                        ; On                 ; On                 ;
; Parallel Synthesis                                               ; On                 ; On                 ;
; DSP Block Balancing                                              ; Auto               ; Auto               ;
; NOT Gate Push-Back                                               ; On                 ; On                 ;
; Power-Up Don't Care                                              ; On                 ; On                 ;
; Remove Redundant Logic Cells                                     ; Off                ; Off                ;
; Remove Duplicate Registers                                       ; On                 ; On                 ;
; Ignore CARRY Buffers                                             ; Off                ; Off                ;
; Ignore CASCADE Buffers                                           ; Off                ; Off                ;
; Ignore GLOBAL Buffers                                            ; Off                ; Off                ;
; Ignore ROW GLOBAL Buffers                                        ; Off                ; Off                ;
; Ignore LCELL Buffers                                             ; Off                ; Off                ;
; Ignore SOFT Buffers                                              ; On                 ; On                 ;
; Limit AHDL Integers to 32 Bits                                   ; Off                ; Off                ;
; Optimization Technique                                           ; Balanced           ; Balanced           ;
; Carry Chain Length                                               ; 70                 ; 70                 ;
; Auto Carry Chains                                                ; On                 ; On                 ;
; Auto Open-Drain Pins                                             ; On                 ; On                 ;
; Perform WYSIWYG Primitive Resynthesis                            ; Off                ; Off                ;
; Auto ROM Replacement                                             ; On                 ; On                 ;
; Auto RAM Replacement                                             ; On                 ; On                 ;
; Auto DSP Block Replacement                                       ; On                 ; On                 ;
; Auto Shift Register Replacement                                  ; Auto               ; Auto               ;
; Allow Shift Register Merging across Hierarchies                  ; Auto               ; Auto               ;
; Auto Clock Enable Replacement                                    ; On                 ; On                 ;
; Strict RAM Replacement                                           ; Off                ; Off                ;
; Allow Synchronous Control Signals                                ; On                 ; On                 ;
; Force Use of Synchronous Clear Signals                           ; Off                ; Off                ;
; Auto RAM Block Balancing                                         ; On                 ; On                 ;
; Auto RAM to Logic Cell Conversion                                ; Off                ; Off                ;
; Auto Resource Sharing                                            ; Off                ; Off                ;
; Allow Any RAM Size For Recognition                               ; Off                ; Off                ;
; Allow Any ROM Size For Recognition                               ; Off                ; Off                ;
; Allow Any Shift Register Size For Recognition                    ; Off                ; Off                ;
; Use LogicLock Constraints during Resource Balancing              ; On                 ; On                 ;
; Ignore translate_off and synthesis_off directives                ; Off                ; Off                ;
; Timing-Driven Synthesis                                          ; On                 ; On                 ;
; Report Parameter Settings                                        ; On                 ; On                 ;
; Report Source Assignments                                        ; On                 ; On                 ;
; Report Connectivity Checks                                       ; On                 ; On                 ;
; Ignore Maximum Fan-Out Assignments                               ; Off                ; Off                ;
; Synchronization Register Chain Length                            ; 2                  ; 2                  ;
; Power Optimization During Synthesis                              ; Normal compilation ; Normal compilation ;
; HDL message level                                                ; Level2             ; Level2             ;
; Suppress Register Optimization Related Messages                  ; Off                ; Off                ;
; Number of Removed Registers Reported in Synthesis Report         ; 5000               ; 5000               ;
; Number of Swept Nodes Reported in Synthesis Report               ; 5000               ; 5000               ;
; Number of Inverted Registers Reported in Synthesis Report        ; 100                ; 100                ;
; Clock MUX Protection                                             ; On                 ; On                 ;
; Auto Gated Clock Conversion                                      ; Off                ; Off                ;
; Block Design Naming                                              ; Auto               ; Auto               ;
; SDC constraint protection                                        ; Off                ; Off                ;
; Synthesis Effort                                                 ; Auto               ; Auto               ;
; Shift Register Replacement - Allow Asynchronous Clear Signal     ; On                 ; On                 ;
; Pre-Mapping Resynthesis Optimization                             ; Off                ; Off                ;
; Analysis & Synthesis Message Level                               ; Medium             ; Medium             ;
; Disable Register Merging Across Hierarchies                      ; Auto               ; Auto               ;
; Resource Aware Inference For Block RAM                           ; On                 ; On                 ;
+------------------------------------------------------------------+--------------------+--------------------+


+------------------------------------------+
; Parallel Compilation                     ;
+----------------------------+-------------+
; Processors                 ; Number      ;
+----------------------------+-------------+
; Number detected on machine ; 4           ;
; Maximum allowed            ; 2           ;
;                            ;             ;
; Average used               ; 1.00        ;
; Maximum used               ; 2           ;
;                            ;             ;
; Usage by Processor         ; % Time Used ;
;     Processor 1            ; 100.0%      ;
;     Processor 2            ;   0.0%      ;
+----------------------------+-------------+


+-----------------------------------------------------------------------------------------------------------------------------------------------------------------------+
; Analysis & Synthesis Source Files Read                                                                                                                                ;
+----------------------------------+-----------------+------------------------------------+-------------------------------------------------------------------+---------+
; File Name with User-Entered Path ; Used in Netlist ; File Type                          ; File Name with Absolute Path                                      ; Library ;
+----------------------------------+-----------------+------------------------------------+-------------------------------------------------------------------+---------+
; CA2.vhd                          ; yes             ; User VHDL File                     ; C:/Users/akuma/Documents/GitHub/DDEX/CA2.vhd                      ;         ;
; comparador.vhd                   ; yes             ; User VHDL File                     ; C:/Users/akuma/Documents/GitHub/DDEX/comparador.vhd               ;         ;
; NOTF.vhd                         ; yes             ; User VHDL File                     ; C:/Users/akuma/Documents/GitHub/DDEX/NOTF.vhd                     ;         ;
; RESTADOR.vhd                     ; yes             ; User VHDL File                     ; C:/Users/akuma/Documents/GitHub/DDEX/RESTADOR.vhd                 ;         ;
; FAND.vhd                         ; yes             ; User VHDL File                     ; C:/Users/akuma/Documents/GitHub/DDEX/FAND.vhd                     ;         ;
; FXOR.vhd                         ; yes             ; User VHDL File                     ; C:/Users/akuma/Documents/GitHub/DDEX/FXOR.vhd                     ;         ;
; HA.bdf                           ; yes             ; User Block Diagram/Schematic File  ; C:/Users/akuma/Documents/GitHub/DDEX/HA.bdf                       ;         ;
; FA.bdf                           ; yes             ; User Block Diagram/Schematic File  ; C:/Users/akuma/Documents/GitHub/DDEX/FA.bdf                       ;         ;
; MULTIPLICADOR.bdf                ; yes             ; User Block Diagram/Schematic File  ; C:/Users/akuma/Documents/GitHub/DDEX/MULTIPLICADOR.bdf            ;         ;
; MULTPRIN.vhd                     ; yes             ; User VHDL File                     ; C:/Users/akuma/Documents/GitHub/DDEX/MULTPRIN.vhd                 ;         ;
; MUXAB.vhd                        ; yes             ; User VHDL File                     ; C:/Users/akuma/Documents/GitHub/DDEX/MUXAB.vhd                    ;         ;
; CHANGEBUT.vhd                    ; yes             ; User VHDL File                     ; C:/Users/akuma/Documents/GitHub/DDEX/CHANGEBUT.vhd                ;         ;
; PRIN.bdf                         ; yes             ; User Block Diagram/Schematic File  ; C:/Users/akuma/Documents/GitHub/DDEX/PRIN.bdf                     ;         ;
; FTOVECT.vhd                      ; yes             ; User VHDL File                     ; C:/Users/akuma/Documents/GitHub/DDEX/FTOVECT.vhd                  ;         ;
; TTOVECT.vhd                      ; yes             ; User VHDL File                     ; C:/Users/akuma/Documents/GitHub/DDEX/TTOVECT.vhd                  ;         ;
; clock.vhd                        ; yes             ; User VHDL File                     ; C:/Users/akuma/Documents/GitHub/DDEX/clock.vhd                    ;         ;
; superif.vhd                      ; yes             ; User VHDL File                     ; C:/Users/akuma/Documents/GitHub/DDEX/superif.vhd                  ;         ;
; muxbcd.vhd                       ; yes             ; User VHDL File                     ; C:/Users/akuma/Documents/GitHub/DDEX/muxbcd.vhd                   ;         ;
; sumas.bdf                        ; yes             ; User Block Diagram/Schematic File  ; C:/Users/akuma/Documents/GitHub/DDEX/sumas.bdf                    ;         ;
; fotovect.vhd                     ; yes             ; User VHDL File                     ; C:/Users/akuma/Documents/GitHub/DDEX/fotovect.vhd                 ;         ;
; 7448.bdf                         ; yes             ; Megafunction                       ; c:/intelfpga_lite/18.0/quartus/libraries/others/maxplus2/7448.bdf ;         ;
+----------------------------------+-----------------+------------------------------------+-------------------------------------------------------------------+---------+


+--------------------------------------------------------+
; Analysis & Synthesis Resource Usage Summary            ;
+---------------------------------------------+----------+
; Resource                                    ; Usage    ;
+---------------------------------------------+----------+
; Estimated Total logic elements              ; 134      ;
;                                             ;          ;
; Total combinational functions               ; 132      ;
; Logic element usage by number of LUT inputs ;          ;
;     -- 4 input functions                    ; 88       ;
;     -- 3 input functions                    ; 28       ;
;     -- <=2 input functions                  ; 16       ;
;                                             ;          ;
; Logic elements by mode                      ;          ;
;     -- normal mode                          ; 132      ;
;     -- arithmetic mode                      ; 0        ;
;                                             ;          ;
; Total registers                             ; 4        ;
;     -- Dedicated logic registers            ; 4        ;
;     -- I/O registers                        ; 0        ;
;                                             ;          ;
; I/O pins                                    ; 26       ;
;                                             ;          ;
; Embedded Multiplier 9-bit elements          ; 0        ;
;                                             ;          ;
; Maximum fan-out node                        ; S1~input ;
; Maximum fan-out                             ; 37       ;
; Total fan-out                               ; 515      ;
; Average fan-out                             ; 2.74     ;
+---------------------------------------------+----------+


+------------------------------------------------------------------------------------------------------------------------------------------------------------------------------------------------------------------------------------------------------+
; Analysis & Synthesis Resource Utilization by Entity                                                                                                                                                                                                  ;
+----------------------------+---------------------+---------------------------+-------------+------------+--------------+---------+-----------+------+--------------+------------+-------------------------------------+---------------+--------------+
; Compilation Hierarchy Node ; Combinational ALUTs ; Dedicated Logic Registers ; Memory Bits ; UFM Blocks ; DSP Elements ; DSP 9x9 ; DSP 18x18 ; Pins ; Virtual Pins ; ADC blocks ; Full Hierarchy Name                 ; Entity Name   ; Library Name ;
+----------------------------+---------------------+---------------------------+-------------+------------+--------------+---------+-----------+------+--------------+------------+-------------------------------------+---------------+--------------+
; |PRIN                      ; 132 (0)             ; 4 (0)                     ; 0           ; 0          ; 0            ; 0       ; 0         ; 26   ; 0            ; 0          ; |PRIN                               ; PRIN          ; work         ;
;    |7448:inst16|           ; 7 (7)               ; 0 (0)                     ; 0           ; 0          ; 0            ; 0       ; 0         ; 0    ; 0            ; 0          ; |PRIN|7448:inst16                   ; 7448          ; work         ;
;    |CA2:inst|              ; 2 (2)               ; 0 (0)                     ; 0           ; 0          ; 0            ; 0       ; 0         ; 0    ; 0            ; 0          ; |PRIN|CA2:inst                      ; CA2           ; work         ;
;    |CHANGEBUT:inst1|       ; 1 (1)               ; 3 (3)                     ; 0           ; 0          ; 0            ; 0       ; 0         ; 0    ; 0            ; 0          ; |PRIN|CHANGEBUT:inst1               ; CHANGEBUT     ; work         ;
;    |CLOCK:inst14|          ; 1 (1)               ; 1 (1)                     ; 0           ; 0          ; 0            ; 0       ; 0         ; 0    ; 0            ; 0          ; |PRIN|CLOCK:inst14                  ; CLOCK         ; work         ;
;    |FAND:inst2|            ; 2 (2)               ; 0 (0)                     ; 0           ; 0          ; 0            ; 0       ; 0         ; 0    ; 0            ; 0          ; |PRIN|FAND:inst2                    ; FAND          ; work         ;
;    |MULTIPLICADOR:inst4|   ; 13 (3)              ; 0 (0)                     ; 0           ; 0          ; 0            ; 0       ; 0         ; 0    ; 0            ; 0          ; |PRIN|MULTIPLICADOR:inst4           ; MULTIPLICADOR ; work         ;
;       |FA:inst10|          ; 2 (2)               ; 0 (0)                     ; 0           ; 0          ; 0            ; 0       ; 0         ; 0    ; 0            ; 0          ; |PRIN|MULTIPLICADOR:inst4|FA:inst10 ; FA            ; work         ;
;       |FA:inst9|           ; 1 (1)               ; 0 (0)                     ; 0           ; 0          ; 0            ; 0       ; 0         ; 0    ; 0            ; 0          ; |PRIN|MULTIPLICADOR:inst4|FA:inst9  ; FA            ; work         ;
;       |FA:inst|            ; 2 (2)               ; 0 (0)                     ; 0           ; 0          ; 0            ; 0       ; 0         ; 0    ; 0            ; 0          ; |PRIN|MULTIPLICADOR:inst4|FA:inst   ; FA            ; work         ;
;       |HA:inst12|          ; 2 (2)               ; 0 (0)                     ; 0           ; 0          ; 0            ; 0       ; 0         ; 0    ; 0            ; 0          ; |PRIN|MULTIPLICADOR:inst4|HA:inst12 ; HA            ; work         ;
;       |HA:inst14|          ; 2 (2)               ; 0 (0)                     ; 0           ; 0          ; 0            ; 0       ; 0         ; 0    ; 0            ; 0          ; |PRIN|MULTIPLICADOR:inst4|HA:inst14 ; HA            ; work         ;
;       |HA:inst15|          ; 1 (1)               ; 0 (0)                     ; 0           ; 0          ; 0            ; 0       ; 0         ; 0    ; 0            ; 0          ; |PRIN|MULTIPLICADOR:inst4|HA:inst15 ; HA            ; work         ;
;    |MULTPRIN:inst9|        ; 35 (35)             ; 0 (0)                     ; 0           ; 0          ; 0            ; 0       ; 0         ; 0    ; 0            ; 0          ; |PRIN|MULTPRIN:inst9                ; MULTPRIN      ; work         ;
;    |MUXAB:inst13|          ; 3 (3)               ; 0 (0)                     ; 0           ; 0          ; 0            ; 0       ; 0         ; 0    ; 0            ; 0          ; |PRIN|MUXAB:inst13                  ; MUXAB         ; work         ;
;    |MUXbcd:inst8|          ; 28 (28)             ; 0 (0)                     ; 0           ; 0          ; 0            ; 0       ; 0         ; 0    ; 0            ; 0          ; |PRIN|MUXbcd:inst8                  ; MUXbcd        ; work         ;
;    |RESTADOR:inst6|        ; 12 (12)             ; 0 (0)                     ; 0           ; 0          ; 0            ; 0       ; 0         ; 0    ; 0            ; 0          ; |PRIN|RESTADOR:inst6                ; RESTADOR      ; work         ;
;    |sumas:inst19|          ; 5 (0)               ; 0 (0)                     ; 0           ; 0          ; 0            ; 0       ; 0         ; 0    ; 0            ; 0          ; |PRIN|sumas:inst19                  ; sumas         ; work         ;
;       |FA:inst1|           ; 2 (2)               ; 0 (0)                     ; 0           ; 0          ; 0            ; 0       ; 0         ; 0    ; 0            ; 0          ; |PRIN|sumas:inst19|FA:inst1         ; FA            ; work         ;
;       |FA:inst2|           ; 2 (2)               ; 0 (0)                     ; 0           ; 0          ; 0            ; 0       ; 0         ; 0    ; 0            ; 0          ; |PRIN|sumas:inst19|FA:inst2         ; FA            ; work         ;
;       |HA:inst|            ; 1 (1)               ; 0 (0)                     ; 0           ; 0          ; 0            ; 0       ; 0         ; 0    ; 0            ; 0          ; |PRIN|sumas:inst19|HA:inst          ; HA            ; work         ;
;    |superif:inst18|        ; 23 (23)             ; 0 (0)                     ; 0           ; 0          ; 0            ; 0       ; 0         ; 0    ; 0            ; 0          ; |PRIN|superif:inst18                ; superif       ; work         ;
+----------------------------+---------------------+---------------------------+-------------+------------+--------------+---------+-----------+------+--------------+------------+-------------------------------------+---------------+--------------+
Note: For table entries with two numbers listed, the numbers in parentheses indicate the number of resources of the given type used by the specific entity alone. The numbers listed outside of parentheses indicate the total resources of the given type used by the specific entity and all of its sub-entities in the hierarchy.


+---------------------------------------------------------------------------------------------------------+
; User-Specified and Inferred Latches                                                                     ;
+-----------------------------------------------------+--------------------------+------------------------+
; Latch Name                                          ; Latch Enable Signal      ; Free of Timing Hazards ;
+-----------------------------------------------------+--------------------------+------------------------+
; superif:inst18|bcd2[2]                              ; superif:inst18|bcd[0]    ; yes                    ;
; superif:inst18|bcd[2]                               ; superif:inst18|bcd[0]    ; yes                    ;
; superif:inst18|bcd[0]                               ; superif:inst18|bcd[0]    ; yes                    ;
; superif:inst18|bcd2[3]                              ; superif:inst18|bcd[0]    ; yes                    ;
; superif:inst18|bcd[3]                               ; superif:inst18|bcd[0]    ; yes                    ;
; superif:inst18|bcd2[1]                              ; superif:inst18|bcd[0]    ; yes                    ;
; superif:inst18|bcd[1]                               ; superif:inst18|bcd[0]    ; yes                    ;
; superif:inst18|ledcomp                              ; superif:inst18|bcd[0]    ; yes                    ;
; superif:inst18|minusled                             ; superif:inst18|bcd[0]    ; yes                    ;
; MULTPRIN:inst9|S[1]                                 ; superif:inst18|bcd[0]    ; yes                    ;
; RESTADOR:inst6|normal[2]                            ; RESTADOR:inst6|negado[0] ; yes                    ;
; RESTADOR:inst6|normal[1]                            ; RESTADOR:inst6|negado[0] ; yes                    ;
; MULTPRIN:inst9|S[0]                                 ; superif:inst18|bcd[0]    ; yes                    ;
; RESTADOR:inst6|normal[3]                            ; RESTADOR:inst6|negado[0] ; yes                    ;
; Number of user-specified and inferred latches = 14  ;                          ;                        ;
+-----------------------------------------------------+--------------------------+------------------------+
Note: All latches listed above may not be present at the end of synthesis due to various synthesis optimizations.


+-------------------------------------------------------------------------+
; Registers Removed During Synthesis                                      ;
+---------------------------------------+---------------------------------+
; Register name                         ; Reason for Removal              ;
+---------------------------------------+---------------------------------+
; CLOCK:inst14|S                        ; Merged with CLOCK:inst14|output ;
; Total Number of Removed Registers = 1 ;                                 ;
+---------------------------------------+---------------------------------+


+------------------------------------------------------+
; General Register Statistics                          ;
+----------------------------------------------+-------+
; Statistic                                    ; Value ;
+----------------------------------------------+-------+
; Total registers                              ; 4     ;
; Number of registers using Synchronous Clear  ; 0     ;
; Number of registers using Synchronous Load   ; 0     ;
; Number of registers using Asynchronous Clear ; 0     ;
; Number of registers using Asynchronous Load  ; 0     ;
; Number of registers using Clock Enable       ; 0     ;
; Number of registers using Preset             ; 0     ;
+----------------------------------------------+-------+


+-------------------------------------------------------------------------------------------------------------------------------------------+
; Multiplexer Restructuring Statistics (Restructuring Performed)                                                                            ;
+--------------------+-----------+---------------+----------------------+------------------------+------------+-----------------------------+
; Multiplexer Inputs ; Bus Width ; Baseline Area ; Area if Restructured ; Saving if Restructured ; Registered ; Example Multiplexer Output  ;
+--------------------+-----------+---------------+----------------------+------------------------+------------+-----------------------------+
; 9:1                ; 2 bits    ; 12 LEs        ; 12 LEs               ; 0 LEs                  ; No         ; |PRIN|MULTPRIN:inst9|S[4]   ;
; 13:1               ; 2 bits    ; 16 LEs        ; 10 LEs               ; 6 LEs                  ; No         ; |PRIN|superif:inst18|bcd[2] ;
+--------------------+-----------+---------------+----------------------+------------------------+------------+-----------------------------+


+-----------------------------------------------------+
; Post-Synthesis Netlist Statistics for Top Partition ;
+-----------------------+-----------------------------+
; Type                  ; Count                       ;
+-----------------------+-----------------------------+
; boundary_port         ; 26                          ;
; cycloneiii_ff         ; 4                           ;
;     plain             ; 4                           ;
; cycloneiii_lcell_comb ; 141                         ;
;     normal            ; 141                         ;
;         1 data inputs ; 10                          ;
;         2 data inputs ; 15                          ;
;         3 data inputs ; 28                          ;
;         4 data inputs ; 88                          ;
;                       ;                             ;
; Max LUT depth         ; 12.00                       ;
; Average LUT depth     ; 9.82                        ;
+-----------------------+-----------------------------+


+-------------------------------+
; Elapsed Time Per Partition    ;
+----------------+--------------+
; Partition Name ; Elapsed Time ;
+----------------+--------------+
; Top            ; 00:00:01     ;
+----------------+--------------+


+-------------------------------+
; Analysis & Synthesis Messages ;
+-------------------------------+
Info: *******************************************************************
Info: Running Quartus Prime Analysis & Synthesis
    Info: Version 18.0.0 Build 614 04/24/2018 SJ Lite Edition
    Info: Processing started: Tue Oct 02 09:54:56 2018
Info: Command: quartus_map --read_settings_files=on --write_settings_files=off EX1 -c EX1
Warning (18236): Number of processors has not been specified which may cause overloading on shared machines.  Set the global assignment NUM_PARALLEL_PROCESSORS in your QSF to an appropriate value for best performance.
Info (20030): Parallel compilation is enabled and will use 2 of the 2 processors detected
Info (12021): Found 2 design units, including 1 entities, in source file ca2.vhd
    Info (12022): Found design unit 1: CA2-BEHAVORIAL File: C:/Users/akuma/Documents/GitHub/DDEX/CA2.vhd Line: 12
    Info (12023): Found entity 1: CA2 File: C:/Users/akuma/Documents/GitHub/DDEX/CA2.vhd Line: 5
Info (12021): Found 2 design units, including 1 entities, in source file comparador.vhd
    Info (12022): Found design unit 1: comparador-LEQ File: C:/Users/akuma/Documents/GitHub/DDEX/comparador.vhd Line: 13
    Info (12023): Found entity 1: comparador File: C:/Users/akuma/Documents/GitHub/DDEX/comparador.vhd Line: 4
Info (12021): Found 2 design units, including 1 entities, in source file notf.vhd
    Info (12022): Found design unit 1: NOTF-BEHAVORIAL File: C:/Users/akuma/Documents/GitHub/DDEX/NOTF.vhd Line: 12
    Info (12023): Found entity 1: NOTF File: C:/Users/akuma/Documents/GitHub/DDEX/NOTF.vhd Line: 5
Info (12021): Found 2 design units, including 1 entities, in source file sumador.vhd
    Info (12022): Found design unit 1: SUMADOR-BEHAVORIAL File: C:/Users/akuma/Documents/GitHub/DDEX/SUMADOR.vhd Line: 13
    Info (12023): Found entity 1: sUMADOR File: C:/Users/akuma/Documents/GitHub/DDEX/SUMADOR.vhd Line: 5
Info (12021): Found 2 design units, including 1 entities, in source file restador.vhd
    Info (12022): Found design unit 1: RESTADOR-BEHAVORIAL File: C:/Users/akuma/Documents/GitHub/DDEX/RESTADOR.vhd Line: 13
    Info (12023): Found entity 1: RESTADOR File: C:/Users/akuma/Documents/GitHub/DDEX/RESTADOR.vhd Line: 5
Info (12021): Found 2 design units, including 1 entities, in source file fand.vhd
    Info (12022): Found design unit 1: FAND-BEHAVORIAL File: C:/Users/akuma/Documents/GitHub/DDEX/FAND.vhd Line: 13
    Info (12023): Found entity 1: FAND File: C:/Users/akuma/Documents/GitHub/DDEX/FAND.vhd Line: 5
Info (12021): Found 2 design units, including 1 entities, in source file fxor.vhd
    Info (12022): Found design unit 1: FXOR-BEHAVORIAL File: C:/Users/akuma/Documents/GitHub/DDEX/FXOR.vhd Line: 13
    Info (12023): Found entity 1: FXOR File: C:/Users/akuma/Documents/GitHub/DDEX/FXOR.vhd Line: 5
Info (12021): Found 1 design units, including 1 entities, in source file ha.bdf
    Info (12023): Found entity 1: HA
Info (12021): Found 1 design units, including 1 entities, in source file fa.bdf
    Info (12023): Found entity 1: FA
Info (12021): Found 1 design units, including 1 entities, in source file multiplicador.bdf
    Info (12023): Found entity 1: MULTIPLICADOR
Info (12021): Found 2 design units, including 1 entities, in source file multprin.vhd
    Info (12022): Found design unit 1: MULTPRIN-BEHAVORIAL File: C:/Users/akuma/Documents/GitHub/DDEX/MULTPRIN.vhd Line: 20
    Info (12023): Found entity 1: MULTPRIN File: C:/Users/akuma/Documents/GitHub/DDEX/MULTPRIN.vhd Line: 5
Info (12021): Found 2 design units, including 1 entities, in source file muxab.vhd
    Info (12022): Found design unit 1: MUXAB-BEHAVIORAL File: C:/Users/akuma/Documents/GitHub/DDEX/MUXAB.vhd Line: 15
    Info (12023): Found entity 1: MUXAB File: C:/Users/akuma/Documents/GitHub/DDEX/MUXAB.vhd Line: 5
Info (12021): Found 2 design units, including 1 entities, in source file changebut.vhd
    Info (12022): Found design unit 1: CHANGEBUT-BEHAVIORAL File: C:/Users/akuma/Documents/GitHub/DDEX/CHANGEBUT.vhd Line: 13
    Info (12023): Found entity 1: CHANGEBUT File: C:/Users/akuma/Documents/GitHub/DDEX/CHANGEBUT.vhd Line: 5
Info (12021): Found 1 design units, including 1 entities, in source file prin.bdf
    Info (12023): Found entity 1: PRIN
Info (12021): Found 2 design units, including 1 entities, in source file ftovect.vhd
    Info (12022): Found design unit 1: FTOVECT-BEHAVORIAL File: C:/Users/akuma/Documents/GitHub/DDEX/FTOVECT.vhd Line: 17
    Info (12023): Found entity 1: FTOVECT File: C:/Users/akuma/Documents/GitHub/DDEX/FTOVECT.vhd Line: 5
Info (12021): Found 2 design units, including 1 entities, in source file ttovect.vhd
    Info (12022): Found design unit 1: TTOVECT-BEHAVORIAL File: C:/Users/akuma/Documents/GitHub/DDEX/TTOVECT.vhd Line: 15
    Info (12023): Found entity 1: TTOVECT File: C:/Users/akuma/Documents/GitHub/DDEX/TTOVECT.vhd Line: 5
Info (12021): Found 2 design units, including 1 entities, in source file clock.vhd
    Info (12022): Found design unit 1: CLOCK-BEHAVORIAL File: C:/Users/akuma/Documents/GitHub/DDEX/clock.vhd Line: 10
    Info (12023): Found entity 1: CLOCK File: C:/Users/akuma/Documents/GitHub/DDEX/clock.vhd Line: 4
Info (12021): Found 2 design units, including 1 entities, in source file superif.vhd
    Info (12022): Found design unit 1: superif-BEHAVORIAL File: C:/Users/akuma/Documents/GitHub/DDEX/superif.vhd Line: 15
    Info (12023): Found entity 1: superif File: C:/Users/akuma/Documents/GitHub/DDEX/superif.vhd Line: 5
Info (12021): Found 2 design units, including 1 entities, in source file muxbcd.vhd
    Info (12022): Found design unit 1: MUXbcd-BEHAVIORAL File: C:/Users/akuma/Documents/GitHub/DDEX/muxbcd.vhd Line: 17
    Info (12023): Found entity 1: MUXbcd File: C:/Users/akuma/Documents/GitHub/DDEX/muxbcd.vhd Line: 5
Info (12021): Found 2 design units, including 1 entities, in source file vecttofo.vhd
    Info (12022): Found design unit 1: vecttofo-BEHAVORIAL File: C:/Users/akuma/Documents/GitHub/DDEX/vecttofo.vhd Line: 15
    Info (12023): Found entity 1: vecttofo File: C:/Users/akuma/Documents/GitHub/DDEX/vecttofo.vhd Line: 5
Info (12021): Found 1 design units, including 1 entities, in source file sumas.bdf
    Info (12023): Found entity 1: sumas
Info (12021): Found 2 design units, including 1 entities, in source file fotovect.vhd
    Info (12022): Found design unit 1: fotovect-BEHAVORIAL File: C:/Users/akuma/Documents/GitHub/DDEX/fotovect.vhd Line: 15
    Info (12023): Found entity 1: fotovect File: C:/Users/akuma/Documents/GitHub/DDEX/fotovect.vhd Line: 5
Info (12127): Elaborating entity "PRIN" for the top level hierarchy
Warning (275083): Bus "bcd2[0..3]" found using same base name as "bcd", which might lead to a name conflict.
Warning (275080): Converted elements in bus name "bcd" using legacy naming rules. Make any assignments on the new names, not on the original names.
    Warning (275081): Converted element name(s) from "bcd[0..3]" to "bcd0..3"
Warning (275080): Converted elements in bus name "bcd2" using legacy naming rules. Make any assignments on the new names, not on the original names.
    Warning (275081): Converted element name(s) from "bcd2[0..3]" to "bcd20..3"
Warning (275011): Block or symbol "CA2" of instance "inst" overlaps another block or symbol
Warning (275011): Block or symbol "FAND" of instance "inst2" overlaps another block or symbol
Warning (275011): Block or symbol "NOTF" of instance "inst5" overlaps another block or symbol
Info (12128): Elaborating entity "7448" for hierarchy "7448:inst16"
Info (12130): Elaborated megafunction instantiation "7448:inst16"
Info (12128): Elaborating entity "MUXbcd" for hierarchy "MUXbcd:inst8"
Info (12128): Elaborating entity "CLOCK" for hierarchy "CLOCK:inst14"
Info (12128): Elaborating entity "superif" for hierarchy "superif:inst18"
Warning (10631): VHDL Process Statement warning at superif.vhd(17): inferring latch(es) for signal or variable "minusled", which holds its previous value in one or more paths through the process File: C:/Users/akuma/Documents/GitHub/DDEX/superif.vhd Line: 17
Warning (10631): VHDL Process Statement warning at superif.vhd(17): inferring latch(es) for signal or variable "ledcomp", which holds its previous value in one or more paths through the process File: C:/Users/akuma/Documents/GitHub/DDEX/superif.vhd Line: 17
Warning (10631): VHDL Process Statement warning at superif.vhd(17): inferring latch(es) for signal or variable "bcd", which holds its previous value in one or more paths through the process File: C:/Users/akuma/Documents/GitHub/DDEX/superif.vhd Line: 17
Warning (10631): VHDL Process Statement warning at superif.vhd(17): inferring latch(es) for signal or variable "bcd2", which holds its previous value in one or more paths through the process File: C:/Users/akuma/Documents/GitHub/DDEX/superif.vhd Line: 17
Info (10041): Inferred latch for "bcd2[3]" at superif.vhd(17) File: C:/Users/akuma/Documents/GitHub/DDEX/superif.vhd Line: 17
Info (10041): Inferred latch for "bcd2[2]" at superif.vhd(17) File: C:/Users/akuma/Documents/GitHub/DDEX/superif.vhd Line: 17
Info (10041): Inferred latch for "bcd2[1]" at superif.vhd(17) File: C:/Users/akuma/Documents/GitHub/DDEX/superif.vhd Line: 17
Info (10041): Inferred latch for "bcd2[0]" at superif.vhd(17) File: C:/Users/akuma/Documents/GitHub/DDEX/superif.vhd Line: 17
Info (10041): Inferred latch for "bcd[3]" at superif.vhd(17) File: C:/Users/akuma/Documents/GitHub/DDEX/superif.vhd Line: 17
Info (10041): Inferred latch for "bcd[2]" at superif.vhd(17) File: C:/Users/akuma/Documents/GitHub/DDEX/superif.vhd Line: 17
Info (10041): Inferred latch for "bcd[1]" at superif.vhd(17) File: C:/Users/akuma/Documents/GitHub/DDEX/superif.vhd Line: 17
Info (10041): Inferred latch for "bcd[0]" at superif.vhd(17) File: C:/Users/akuma/Documents/GitHub/DDEX/superif.vhd Line: 17
Info (10041): Inferred latch for "ledcomp" at superif.vhd(17) File: C:/Users/akuma/Documents/GitHub/DDEX/superif.vhd Line: 17
Info (10041): Inferred latch for "minusled" at superif.vhd(17) File: C:/Users/akuma/Documents/GitHub/DDEX/superif.vhd Line: 17
Info (12128): Elaborating entity "MULTPRIN" for hierarchy "MULTPRIN:inst9"
Warning (10631): VHDL Process Statement warning at MULTPRIN.vhd(22): inferring latch(es) for signal or variable "S", which holds its previous value in one or more paths through the process File: C:/Users/akuma/Documents/GitHub/DDEX/MULTPRIN.vhd Line: 22
Info (10041): Inferred latch for "S[5]" at MULTPRIN.vhd(22) File: C:/Users/akuma/Documents/GitHub/DDEX/MULTPRIN.vhd Line: 22
Info (10041): Inferred latch for "S[4]" at MULTPRIN.vhd(22) File: C:/Users/akuma/Documents/GitHub/DDEX/MULTPRIN.vhd Line: 22
Info (10041): Inferred latch for "S[3]" at MULTPRIN.vhd(22) File: C:/Users/akuma/Documents/GitHub/DDEX/MULTPRIN.vhd Line: 22
Info (10041): Inferred latch for "S[2]" at MULTPRIN.vhd(22) File: C:/Users/akuma/Documents/GitHub/DDEX/MULTPRIN.vhd Line: 22
Info (10041): Inferred latch for "S[1]" at MULTPRIN.vhd(22) File: C:/Users/akuma/Documents/GitHub/DDEX/MULTPRIN.vhd Line: 22
Info (10041): Inferred latch for "S[0]" at MULTPRIN.vhd(22) File: C:/Users/akuma/Documents/GitHub/DDEX/MULTPRIN.vhd Line: 22
Info (12128): Elaborating entity "comparador" for hierarchy "comparador:inst7"
Info (12128): Elaborating entity "TTOVECT" for hierarchy "TTOVECT:inst11"
Info (12128): Elaborating entity "CA2" for hierarchy "CA2:inst"
Info (12128): Elaborating entity "MUXAB" for hierarchy "MUXAB:inst13"
Info (12128): Elaborating entity "CHANGEBUT" for hierarchy "CHANGEBUT:inst1"
Info (12128): Elaborating entity "FAND" for hierarchy "FAND:inst2"
Info (12128): Elaborating entity "FXOR" for hierarchy "FXOR:inst3"
Info (12128): Elaborating entity "FTOVECT" for hierarchy "FTOVECT:inst10"
Info (12128): Elaborating entity "MULTIPLICADOR" for hierarchy "MULTIPLICADOR:inst4"
Info (12128): Elaborating entity "HA" for hierarchy "MULTIPLICADOR:inst4|HA:inst12"
Info (12128): Elaborating entity "FA" for hierarchy "MULTIPLICADOR:inst4|FA:inst9"
Info (12128): Elaborating entity "NOTF" for hierarchy "NOTF:inst5"
Info (12128): Elaborating entity "RESTADOR" for hierarchy "RESTADOR:inst6"
Warning (10631): VHDL Process Statement warning at RESTADOR.vhd(25): inferring latch(es) for signal or variable "normal", which holds its previous value in one or more paths through the process File: C:/Users/akuma/Documents/GitHub/DDEX/RESTADOR.vhd Line: 25
Info (10041): Inferred latch for "normal[3]" at RESTADOR.vhd(25) File: C:/Users/akuma/Documents/GitHub/DDEX/RESTADOR.vhd Line: 25
Info (10041): Inferred latch for "normal[2]" at RESTADOR.vhd(25) File: C:/Users/akuma/Documents/GitHub/DDEX/RESTADOR.vhd Line: 25
Info (10041): Inferred latch for "normal[1]" at RESTADOR.vhd(25) File: C:/Users/akuma/Documents/GitHub/DDEX/RESTADOR.vhd Line: 25
Info (10041): Inferred latch for "normal[0]" at RESTADOR.vhd(25) File: C:/Users/akuma/Documents/GitHub/DDEX/RESTADOR.vhd Line: 25
Info (12128): Elaborating entity "fotovect" for hierarchy "fotovect:inst20"
Info (12128): Elaborating entity "sumas" for hierarchy "sumas:inst19"
Warning (14026): LATCH primitive "MULTPRIN:inst9|S[2]" is permanently enabled File: C:/Users/akuma/Documents/GitHub/DDEX/MULTPRIN.vhd Line: 22
Warning (14026): LATCH primitive "MULTPRIN:inst9|S[4]" is permanently enabled File: C:/Users/akuma/Documents/GitHub/DDEX/MULTPRIN.vhd Line: 22
Warning (14026): LATCH primitive "MULTPRIN:inst9|S[3]" is permanently enabled File: C:/Users/akuma/Documents/GitHub/DDEX/MULTPRIN.vhd Line: 22
Warning (14026): LATCH primitive "MULTPRIN:inst9|S[5]" is permanently enabled File: C:/Users/akuma/Documents/GitHub/DDEX/MULTPRIN.vhd Line: 22
Warning (13012): Latch superif:inst18|bcd2[2] has unsafe behavior File: C:/Users/akuma/Documents/GitHub/DDEX/superif.vhd Line: 17
    Warning (13013): Ports D and ENA on the latch are fed by the same signal S1
    Warning (13013): Ports ENA and CLR on the latch are fed by the same signal S1
Warning (13012): Latch superif:inst18|bcd[2] has unsafe behavior File: C:/Users/akuma/Documents/GitHub/DDEX/superif.vhd Line: 17
    Warning (13013): Ports D and ENA on the latch are fed by the same signal S1
Warning (13012): Latch superif:inst18|bcd[0] has unsafe behavior File: C:/Users/akuma/Documents/GitHub/DDEX/superif.vhd Line: 17
    Warning (13013): Ports D and ENA on the latch are fed by the same signal S0
Warning (13012): Latch superif:inst18|bcd2[3] has unsafe behavior File: C:/Users/akuma/Documents/GitHub/DDEX/superif.vhd Line: 17
    Warning (13013): Ports D and ENA on the latch are fed by the same signal S0
Warning (13012): Latch superif:inst18|bcd[3] has unsafe behavior File: C:/Users/akuma/Documents/GitHub/DDEX/superif.vhd Line: 17
    Warning (13013): Ports D and ENA on the latch are fed by the same signal S0
Warning (13012): Latch superif:inst18|bcd2[1] has unsafe behavior File: C:/Users/akuma/Documents/GitHub/DDEX/superif.vhd Line: 17
    Warning (13013): Ports D and ENA on the latch are fed by the same signal S1
    Warning (13013): Ports ENA and CLR on the latch are fed by the same signal S1
Warning (13012): Latch superif:inst18|bcd[1] has unsafe behavior File: C:/Users/akuma/Documents/GitHub/DDEX/superif.vhd Line: 17
    Warning (13013): Ports D and ENA on the latch are fed by the same signal S1
Warning (13012): Latch superif:inst18|ledcomp has unsafe behavior File: C:/Users/akuma/Documents/GitHub/DDEX/superif.vhd Line: 12
    Warning (13013): Ports D and ENA on the latch are fed by the same signal S0
    Warning (13013): Ports ENA and CLR on the latch are fed by the same signal S1
Warning (13012): Latch superif:inst18|minusled has unsafe behavior File: C:/Users/akuma/Documents/GitHub/DDEX/superif.vhd Line: 11
    Warning (13013): Ports D and ENA on the latch are fed by the same signal S0
    Warning (13013): Ports ENA and CLR on the latch are fed by the same signal S0
Warning (13012): Latch MULTPRIN:inst9|S[1] has unsafe behavior File: C:/Users/akuma/Documents/GitHub/DDEX/MULTPRIN.vhd Line: 22
    Warning (13013): Ports D and ENA on the latch are fed by the same signal S1
    Warning (13013): Ports ENA and CLR on the latch are fed by the same signal S1
Warning (13012): Latch RESTADOR:inst6|normal[2] has unsafe behavior File: C:/Users/akuma/Documents/GitHub/DDEX/RESTADOR.vhd Line: 25
    Warning (13013): Ports D and ENA on the latch are fed by the same signal A0
Warning (13012): Latch RESTADOR:inst6|normal[1] has unsafe behavior File: C:/Users/akuma/Documents/GitHub/DDEX/RESTADOR.vhd Line: 25
    Warning (13013): Ports D and ENA on the latch are fed by the same signal A2
Warning (13012): Latch MULTPRIN:inst9|S[0] has unsafe behavior File: C:/Users/akuma/Documents/GitHub/DDEX/MULTPRIN.vhd Line: 22
    Warning (13013): Ports D and ENA on the latch are fed by the same signal S1
    Warning (13013): Ports ENA and CLR on the latch are fed by the same signal S1
Warning (13012): Latch RESTADOR:inst6|normal[3] has unsafe behavior File: C:/Users/akuma/Documents/GitHub/DDEX/RESTADOR.vhd Line: 25
    Warning (13013): Ports D and ENA on the latch are fed by the same signal A0
Warning (14026): LATCH primitive "superif:inst18|bcd[2]" is permanently enabled File: C:/Users/akuma/Documents/GitHub/DDEX/superif.vhd Line: 17
Warning (14026): LATCH primitive "superif:inst18|bcd[0]" is permanently enabled File: C:/Users/akuma/Documents/GitHub/DDEX/superif.vhd Line: 17
Warning (14026): LATCH primitive "superif:inst18|bcd2[3]" is permanently enabled File: C:/Users/akuma/Documents/GitHub/DDEX/superif.vhd Line: 17
Warning (14026): LATCH primitive "superif:inst18|bcd[3]" is permanently enabled File: C:/Users/akuma/Documents/GitHub/DDEX/superif.vhd Line: 17
Warning (14026): LATCH primitive "superif:inst18|bcd[1]" is permanently enabled File: C:/Users/akuma/Documents/GitHub/DDEX/superif.vhd Line: 17
Info (286030): Timing-Driven Synthesis is running
Info (16010): Generating hard_block partition "hard_block:auto_generated_inst"
    Info (16011): Adding 0 node(s), including 0 DDIO, 0 PLL, 0 transceiver and 0 LCELL
Info (21057): Implemented 160 device resources after synthesis - the final resource count might be different
    Info (21058): Implemented 11 input pins
    Info (21059): Implemented 15 output pins
    Info (21061): Implemented 134 logic cells
Info: Quartus Prime Analysis & Synthesis was successful. 0 errors, 58 warnings
    Info: Peak virtual memory: 4802 megabytes
    Info: Processing ended: Tue Oct 02 09:55:19 2018
    Info: Elapsed time: 00:00:23
    Info: Total CPU time (on all processors): 00:00:48


